cphxmvyazwzvtzyysrxdmexvvbiqfc
fetmcclvtvgkxqhwczcaatlukwgbtn
gkzbukqzchcvedubvgrtywhscvqfiu
hhisjigyzukqogtunbagvctxqknqma
krmfadvyhryzrczjerxlemwlrshmlm
oaucynqoowawuhhntslmclqzjgszrm
opdeyezoxwlulndomrjjwpunsmckdf
qyabvnsyordcrjhetzbcagdlexuazs
sihkfjloqnyaqpvyikijwntigzbobl
vbznkfsypqxptjgpkkkbgvzvzooyhb
